// Jest Snapshot v1, https://goo.gl/fbAQLP

exports[`<ShimmerEffect /> should render correctly 1`] = `
.c0 {
  -webkit-animation: ePEqAU 1.2s ease-in-out infinite;
  animation: ePEqAU 1.2s ease-in-out infinite;
  background-image: linear-gradient( 90deg,rgba(0,0,0,0),#fff,rgba(0,0,0,0) );
  background-color: #b3b3b3;
  background-size: 20rem 100%;
  background-repeat: no-repeat;
  border-radius: 0.313rem;
  display: inline-block;
  line-height: 1;
  opacity: 0.1;
  width: 100%;
  height: 2rem;
}

<div
  class="c0"
  color="#fff"
  height="2rem"
  width="100%"
/>
`;
