// Jest Snapshot v1, https://goo.gl/fbAQLP

exports[`<Tooltip /> should render correctly 1`] = `
.c0 {
  position: relative;
}

.c0:hover span {
  opacity: 1;
  visibility: visible;
}

.c0 > span {
  color: #ffffff;
  background: #0047BB;
  border-radius: 0.4rem;
  padding: 0.5rem 1.2rem;
  white-space: nowrap;
  -webkit-transition: all 0.5s;
  transition: all 0.5s;
  opacity: 0;
  visibility: hidden;
  position: absolute;
  left: 50%;
  -webkit-transform: translateX(-50%);
  -ms-transform: translateX(-50%);
  transform: translateX(-50%);
  top: calc(-100% + -1.7rem);
  z-index: 2;
}

.c0 > span::before {
  content: '';
  position: absolute;
  border-style: solid;
  border-width: 0.9rem 0.9rem 0 0.9rem;
  border-color: #0047BB transparent transparent transparent;
  left: 50%;
  -webkit-transform: translateX(-50%);
  -ms-transform: translateX(-50%);
  transform: translateX(-50%);
  bottom: -0.9rem;
}

<div
  class="c0"
>
  <span>
    Example
  </span>
  Hover me
</div>
`;
